C51 COMPILER V9.59.0.0   1602LCD                                                           12/24/2024 23:40:52 PAGE 1   


C51 COMPILER V9.59.0.0, COMPILATION OF MODULE 1602LCD
OBJECT MODULE PLACED IN .\Objects\1602LCD.obj
COMPILER INVOKED BY: C:\Keil_v5\C51\BIN\C51.EXE divers\1602LCD.c LARGE OMF2 OPTIMIZE(8,SPEED) BROWSE INCDIR(.\App;.\dive
                    -rs;.\main) DEBUG PRINT(.\Listings\1602LCD.lst) TABS(2) OBJECT(.\Objects\1602LCD.obj)

line level    source

   1          #include "1602LCD.h"
   2          
   3          void LCD1602_RDbf(void) // 读忙状态
   4          {
   5   1          uchar sta;
   6   1          LCD_1602_Data = 0xFF;
   7   1          LCD_1602_RS = 0;
   8   1          LCD_1602_RW = 1;
   9   1          while (1)
  10   1          {
  11   2              LCD_1602_E = 1;
  12   2              DelayTick(1);
  13   2              sta = LCD_1602_Data;
  14   2              DelayTick(1);
  15   2              LCD_1602_E = 0;
  16   2              DelayTick(1);
  17   2              if ((sta & 0x80) == 0)
  18   2              {
  19   3                  break;
  20   3              }
  21   2          }
  22   1      }
  23          
  24          void LCD1602_Wr_Data(uchar wrdata) // 写数据
  25          {
  26   1          LCD1602_RDbf();
  27   1          LCD_1602_RS = 1;
  28   1          LCD_1602_RW = 0;
  29   1          DelayTick(1);
  30   1          LCD_1602_Data = wrdata;
  31   1          DelayTick(1);
  32   1          LCD_1602_E = 1;
  33   1          DelayTick(1);
  34   1          LCD_1602_E = 0;
  35   1      }
  36          
  37          void LCD1602_Wr_Command(uchar wrcommand) // 写指令
  38          {
  39   1          LCD1602_RDbf();
  40   1          LCD_1602_RS = 0;
  41   1          LCD_1602_RW = 0;
  42   1          DelayTick(1);
  43   1          LCD_1602_Data = wrcommand;
  44   1          DelayTick(1);
  45   1          LCD_1602_E = 1;
  46   1          DelayTick(1);
  47   1          LCD_1602_E = 0;
  48   1      }
  49          /**
  50           * @brief  LCD1602设置光标位置
  51           * @param  Line 行位置，范围：1~2
  52           * @param  Column 列位置，范围：1~16
  53           * @retval 无
  54           */
C51 COMPILER V9.59.0.0   1602LCD                                                           12/24/2024 23:40:52 PAGE 2   

  55          void LCD_SetCursor(uint Line, uint Column)
  56          {
  57   1          if (Line == 1)
  58   1          {
  59   2              LCD1602_Wr_Command(0x80 | (Column - 1));
  60   2          }
  61   1          else if (Line == 2)
  62   1          {
  63   2              LCD1602_Wr_Command(0x80 | (Column - 1 + 0x40));
  64   2          }
  65   1      }
  66          
  67          /**
  68           * @brief  在LCD1602指定位置上显示一个字符
  69           * @param  Line 行位置，范围：1~2
  70           * @param  Column 列位置，范围：1~16
  71           * @param  Char 要显示的字符
  72           * @retval 无
  73           */
  74          void LCD1602_Display_Char(uint Line, uint Column, char Char) // 指定位置上显示一个字符
  75          {
  76   1          LCD_SetCursor(Line, Column);
  77   1          LCD1602_Wr_Data(Char);
  78   1      }
  79          
  80          void LCD1602_Display_String(uint Line, uint Column, char *String) // 指定位置显示字符串
  81          {
  82   1          uint8_t i;
  83   1          LCD_SetCursor(Line, Column);
  84   1          for (i = 0; String[i] != '\0'; i++)
  85   1          {
  86   2              LCD1602_Wr_Data(String[i]);
  87   2          }
  88   1      }
  89          
  90          void LCD1602_Init(void) // 初始化
  91          {
  92   1          LCD1602_Wr_Command(0x38);
  93   1          LCD1602_Wr_Command(0x0c);
  94   1          LCD1602_Wr_Command(0x06);
  95   1          LCD1602_Wr_Command(0x01);
  96   1      }


MODULE INFORMATION:   STATIC OVERLAYABLE
   CODE SIZE        =    279    ----
   CONSTANT SIZE    =   ----    ----
   XDATA SIZE       =   ----      12
   PDATA SIZE       =   ----    ----
   DATA SIZE        =   ----    ----
   IDATA SIZE       =   ----    ----
   BIT SIZE         =   ----    ----
   EDATA SIZE       =   ----    ----
   HDATA SIZE       =   ----    ----
   XDATA CONST SIZE =   ----    ----
   FAR CONST SIZE   =   ----    ----
END OF MODULE INFORMATION.


C51 COMPILATION COMPLETE.  0 WARNING(S),  0 ERROR(S)
